// Jest Snapshot v1, https://goo.gl/fbAQLP

exports[`Livestreams matches snapshot 1`] = `
<div>
  <h1>
    Livestreams
  </h1>
  <div
    className="mb-4"
    style={
      Object {
        "display": "flex",
        "justifyContent": "center",
      }
    }
  >
    <button
      className="btn btn-primary"
      disabled={false}
      onClick={[Function]}
      type="button"
    >
      Start a Livestream
    </button>
  </div>
  <div>
    No livestreams.
  </div>
</div>
`;
